// Jest Snapshot v1, https://jestjs.io/docs/snapshot-testing

exports[`Navbar matches snapshot 1`] = `
<DocumentFragment>
  <header
    class="MuiPaper-root MuiPaper-elevation MuiPaper-elevation4 MuiAppBar-root MuiAppBar-colorPrimary MuiAppBar-positionFixed mui-fixed css-1wtssb0-MuiPaper-root-MuiAppBar-root"
    style="--Paper-shadow: 0px 2px 4px -1px rgba(0,0,0,0.2),0px 4px 5px 0px rgba(0,0,0,0.14),0px 1px 10px 0px rgba(0,0,0,0.12);"
  >
    <div
      class="MuiToolbar-root MuiToolbar-gutters MuiToolbar-regular css-1ygil4i-MuiToolbar-root"
    >
      <button
        aria-label="menu"
        class="MuiButtonBase-root MuiIconButton-root MuiIconButton-colorInherit MuiIconButton-edgeStart MuiIconButton-sizeLarge css-w6cvuv-MuiButtonBase-root-MuiIconButton-root"
        tabindex="0"
        type="button"
      >
        <svg
          aria-hidden="true"
          class="MuiSvgIcon-root MuiSvgIcon-fontSizeMedium css-1umw9bq-MuiSvgIcon-root"
          data-testid="MenuIcon"
          focusable="false"
          viewBox="0 0 24 24"
        >
          <path
            d="M3 18h18v-2H3zm0-5h18v-2H3zm0-7v2h18V6z"
          />
        </svg>
      </button>
      <div
        class="MuiTypography-root MuiTypography-h6 css-1bv5yfe-MuiTypography-root"
      >
        Next.js App
      </div>
    </div>
  </header>
</DocumentFragment>
`;
