// Jest Snapshot v1, https://jestjs.io/docs/snapshot-testing

exports[`Sidebar matches snapshot 1`] = `<DocumentFragment />`;

exports[`matches snapshot 1`] = `<DocumentFragment />`;
